pre { line-height: 125%; }
td.linenos .normal { color: inherit; background-color: transparent; padding-left: 5px; padding-right: 5px; }
span.linenos { color: inherit; background-color: transparent; padding-left: 5px; padding-right: 5px; }
td.linenos .special { color: #000000; background-color: #ffffc0; padding-left: 5px; padding-right: 5px; }
span.linenos.special { color: #000000; background-color: #ffffc0; padding-left: 5px; padding-right: 5px; }
.syntax .hll { background-color: #ffffcc }
.syntax { background: #f8f8f8; }
.syntax .c { color: #3D7B7B; font-style: italic } /* Comment */
.syntax .err { border: 1px solid #F00 } /* Error */
.syntax .k { color: #008000; font-weight: bold } /* Keyword */
.syntax .o { color: #666 } /* Operator */
.syntax .ch { color: #3D7B7B; font-style: italic } /* Comment.Hashbang */
.syntax .cm { color: #3D7B7B; font-style: italic } /* Comment.Multiline */
.syntax .cp { color: #9C6500 } /* Comment.Preproc */
.syntax .cpf { color: #3D7B7B; font-style: italic } /* Comment.PreprocFile */
.syntax .c1 { color: #3D7B7B; font-style: italic } /* Comment.Single */
.syntax .cs { color: #3D7B7B; font-style: italic } /* Comment.Special */
.syntax .gd { color: #A00000 } /* Generic.Deleted */
.syntax .ge { font-style: italic } /* Generic.Emph */
.syntax .ges { font-weight: bold; font-style: italic } /* Generic.EmphStrong */
.syntax .gr { color: #E40000 } /* Generic.Error */
.syntax .gh { color: #000080; font-weight: bold } /* Generic.Heading */
.syntax .gi { color: #008400 } /* Generic.Inserted */
.syntax .go { color: #717171 } /* Generic.Output */
.syntax .gp { color: #000080; font-weight: bold } /* Generic.Prompt */
.syntax .gs { font-weight: bold } /* Generic.Strong */
.syntax .gu { color: #800080; font-weight: bold } /* Generic.Subheading */
.syntax .gt { color: #04D } /* Generic.Traceback */
.syntax .kc { color: #008000; font-weight: bold } /* Keyword.Constant */
.syntax .kd { color: #008000; font-weight: bold } /* Keyword.Declaration */
.syntax .kn { color: #008000; font-weight: bold } /* Keyword.Namespace */
.syntax .kp { color: #008000 } /* Keyword.Pseudo */
.syntax .kr { color: #008000; font-weight: bold } /* Keyword.Reserved */
.syntax .kt { color: #B00040 } /* Keyword.Type */
.syntax .m { color: #666 } /* Literal.Number */
.syntax .s { color: #BA2121 } /* Literal.String */
.syntax .na { color: #687822 } /* Name.Attribute */
.syntax .nb { color: #008000 } /* Name.Builtin */
.syntax .nc { color: #00F; font-weight: bold } /* Name.Class */
.syntax .no { color: #800 } /* Name.Constant */
.syntax .nd { color: #A2F } /* Name.Decorator */
.syntax .ni { color: #717171; font-weight: bold } /* Name.Entity */
.syntax .ne { color: #CB3F38; font-weight: bold } /* Name.Exception */
.syntax .nf { color: #00F } /* Name.Function */
.syntax .nl { color: #767600 } /* Name.Label */
.syntax .nn { color: #00F; font-weight: bold } /* Name.Namespace */
.syntax .nt { color: #008000; font-weight: bold } /* Name.Tag */
.syntax .nv { color: #19177C } /* Name.Variable */
.syntax .ow { color: #A2F; font-weight: bold } /* Operator.Word */
.syntax .w { color: #BBB } /* Text.Whitespace */
.syntax .mb { color: #666 } /* Literal.Number.Bin */
.syntax .mf { color: #666 } /* Literal.Number.Float */
.syntax .mh { color: #666 } /* Literal.Number.Hex */
.syntax .mi { color: #666 } /* Literal.Number.Integer */
.syntax .mo { color: #666 } /* Literal.Number.Oct */
.syntax .sa { color: #BA2121 } /* Literal.String.Affix */
.syntax .sb { color: #BA2121 } /* Literal.String.Backtick */
.syntax .sc { color: #BA2121 } /* Literal.String.Char */
.syntax .dl { color: #BA2121 } /* Literal.String.Delimiter */
.syntax .sd { color: #BA2121; font-style: italic } /* Literal.String.Doc */
.syntax .s2 { color: #BA2121 } /* Literal.String.Double */
.syntax .se { color: #AA5D1F; font-weight: bold } /* Literal.String.Escape */
.syntax .sh { color: #BA2121 } /* Literal.String.Heredoc */
.syntax .si { color: #A45A77; font-weight: bold } /* Literal.String.Interpol */
.syntax .sx { color: #008000 } /* Literal.String.Other */
.syntax .sr { color: #A45A77 } /* Literal.String.Regex */
.syntax .s1 { color: #BA2121 } /* Literal.String.Single */
.syntax .ss { color: #19177C } /* Literal.String.Symbol */
.syntax .bp { color: #008000 } /* Name.Builtin.Pseudo */
.syntax .fm { color: #00F } /* Name.Function.Magic */
.syntax .vc { color: #19177C } /* Name.Variable.Class */
.syntax .vg { color: #19177C } /* Name.Variable.Global */
.syntax .vi { color: #19177C } /* Name.Variable.Instance */
.syntax .vm { color: #19177C } /* Name.Variable.Magic */
.syntax .il { color: #666 } /* Literal.Number.Integer.Long */
