<div class="highlight"><table class="highlighttable"><tr><td class="linenos"><div class="linenodiv"><pre><span class="normal"> 1</span>
<span class="normal"> 2</span>
<span class="normal"> 3</span>
<span class="normal"> 4</span>
<span class="normal"> 5</span>
<span class="normal"> 6</span>
<span class="normal"> 7</span>
<span class="normal"> 8</span>
<span class="normal"> 9</span>
<span class="normal">10</span>
<span class="normal">11</span>
<span class="normal">12</span>
<span class="normal">13</span>
<span class="normal">14</span>
<span class="normal">15</span>
<span class="normal">16</span>
<span class="normal">17</span>
<span class="normal">18</span>
<span class="normal">19</span>
<span class="normal">20</span>
<span class="normal">21</span></pre></div></td><td class="code"><div><pre><span></span><span class="cp">&lt;?php</span>

<span class="k">class</span> <span class="nc">Foo</span>
<span class="p">{</span>
    <span class="k">const</span> <span class="no">TEST_CONST</span> <span class="o">=</span> <span class="mi">1</span><span class="p">;</span>

    <span class="k">public</span> <span class="k">static</span> <span class="nv">$staticProperty</span> <span class="o">=</span> <span class="k">null</span><span class="p">;</span>

    <span class="k">public</span> <span class="nv">$property</span> <span class="o">=</span> <span class="k">null</span><span class="p">;</span>

    <span class="k">public</span> <span class="k">static</span> <span class="k">function</span> <span class="nf">staticMethod</span><span class="p">()</span>
    <span class="p">{</span>
        <span class="k">return</span> <span class="k">new</span> <span class="k">static</span><span class="p">();</span>
    <span class="p">}</span>

    <span class="k">public</span> <span class="k">function</span> <span class="nf">method</span><span class="p">()</span>
    <span class="p">{</span>
        <span class="k">return</span> <span class="nv">$this</span><span class="p">;</span>
    <span class="p">}</span>

<span class="p">}</span>
</pre></div></td></tr></table></div>
